[INFO ] 2026-09-06 11:31:57 556 [main] c.l.s.g.s.i.BookServiceImpl.getById - 查询完成|1|Book(id=1, bookName=Spring Boot实战, author=廖思, price=59.90, createTime=Sun Sep 06 11:31:57 CST 2026)
[INFO ] 2026-09-06 14:44:27 529 [main] o.s.b.t.c.SpringBootTestContextBootstrapper.buildDefaultMergedContextConfiguration - Neither @ContextConfiguration nor @ContextHierarchy found for test class [com.lzumetal.springboot.grpc.server.test.BookTest], using SpringBootContextLoader
[INFO ] 2026-09-06 14:44:27 541 [main] o.s.t.c.s.AbstractContextLoader.generateDefaultLocations - Could not detect default resource locations for test class [com.lzumetal.springboot.grpc.server.test.BookTest]: no resource found for suffixes {-context.xml, Context.groovy}.
[INFO ] 2026-09-06 14:44:27 807 [main] o.s.b.t.c.SpringBootTestContextBootstrapper.getDefaultTestExecutionListenerClassNames - Loaded default TestExecutionListener class names from location [META-INF/spring.factories]: [org.springframework.boot.test.mock.mockito.MockitoTestExecutionListener, org.springframework.boot.test.mock.mockito.ResetMocksTestExecutionListener, org.springframework.boot.test.autoconfigure.restdocs.RestDocsTestExecutionListener, org.springframework.boot.test.autoconfigure.web.client.MockRestServiceServerResetTestExecutionListener, org.springframework.boot.test.autoconfigure.web.servlet.MockMvcPrintOnlyOnFailureTestExecutionListener, org.springframework.boot.test.autoconfigure.web.servlet.WebDriverTestExecutionListener, org.springframework.test.context.web.ServletTestExecutionListener, org.springframework.test.context.support.DirtiesContextBeforeModesTestExecutionListener, org.springframework.test.context.support.DependencyInjectionTestExecutionListener, org.springframework.test.context.support.DirtiesContextTestExecutionListener, org.springframework.test.context.transaction.TransactionalTestExecutionListener, org.springframework.test.context.jdbc.SqlScriptsTestExecutionListener]
[INFO ] 2026-09-06 14:44:27 823 [main] o.s.b.t.c.SpringBootTestContextBootstrapper.getTestExecutionListeners - Using TestExecutionListeners: [org.springframework.test.context.web.ServletTestExecutionListener@1dac5ef, org.springframework.test.context.support.DirtiesContextBeforeModesTestExecutionListener@5c90e579, org.springframework.boot.test.mock.mockito.MockitoTestExecutionListener@58ea606c, org.springframework.boot.test.autoconfigure.SpringBootDependencyInjectionTestExecutionListener@6f45df59, org.springframework.test.context.support.DirtiesContextTestExecutionListener@38e79ae3, org.springframework.test.context.transaction.TransactionalTestExecutionListener@63070bab, org.springframework.test.context.jdbc.SqlScriptsTestExecutionListener@68e5eea7, org.springframework.boot.test.mock.mockito.ResetMocksTestExecutionListener@291b4bf5, org.springframework.boot.test.autoconfigure.restdocs.RestDocsTestExecutionListener@2d2ffcb7, org.springframework.boot.test.autoconfigure.web.client.MockRestServiceServerResetTestExecutionListener@762ef0ea, org.springframework.boot.test.autoconfigure.web.servlet.MockMvcPrintOnlyOnFailureTestExecutionListener@31f9b85e, org.springframework.boot.test.autoconfigure.web.servlet.WebDriverTestExecutionListener@424e1977]
[WARN ] 2026-09-06 14:44:28 185 [main] o.s.b.t.j.DuplicateJsonObjectContextCustomizerFactory$DuplicateJsonObjectContextCustomizer.logDuplicateJsonObjectsWarning - 

Found multiple occurrences of org.json.JSONObject on the class path:

	jar:file:/D:/Tool/maven-repository/org/json/json/20160810/json-20160810.jar!/org/json/JSONObject.class
	jar:file:/D:/Tool/maven-repository/com/vaadin/external/google/android-json/0.0.20131108.vaadin1/android-json-0.0.20131108.vaadin1.jar!/org/json/JSONObject.class

You may wish to exclude one of them to ensure predictable runtime behavior

[INFO ] 2026-09-06 14:44:28 200 [main] c.l.s.g.s.test.BookTest.logStarting - Starting BookTest on liaosi-laptop with PID 6060 (started by Administrator in D:\DevelopWorkspace\Java\spring-boot\grpc-server)
[INFO ] 2026-09-06 14:44:28 200 [main] c.l.s.g.s.test.BookTest.logStartupProfileInfo - No active profile set, falling back to default profiles: default
[INFO ] 2026-09-06 14:44:29 193 [main] c.u.j.c.EnableEncryptablePropertiesBeanFactoryPostProcessor.postProcessBeanFactory - Post-processing PropertySource instances
[INFO ] 2026-09-06 14:44:29 232 [main] c.u.j.EncryptablePropertySourceConverter.makeEncryptable - Converting PropertySource configurationProperties [org.springframework.boot.context.properties.source.ConfigurationPropertySourcesPropertySource] to AOP Proxy
[INFO ] 2026-09-06 14:44:29 234 [main] c.u.j.EncryptablePropertySourceConverter.makeEncryptable - Converting PropertySource Inlined Test Properties [org.springframework.core.env.MapPropertySource] to EncryptableMapPropertySourceWrapper
[INFO ] 2026-09-06 14:44:29 234 [main] c.u.j.EncryptablePropertySourceConverter.makeEncryptable - Converting PropertySource systemProperties [org.springframework.core.env.MapPropertySource] to EncryptableMapPropertySourceWrapper
[INFO ] 2026-09-06 14:44:29 234 [main] c.u.j.EncryptablePropertySourceConverter.makeEncryptable - Converting PropertySource systemEnvironment [org.springframework.boot.env.SystemEnvironmentPropertySourceEnvironmentPostProcessor$OriginAwareSystemEnvironmentPropertySource] to EncryptableSystemEnvironmentPropertySourceWrapper
[INFO ] 2026-09-06 14:44:29 234 [main] c.u.j.EncryptablePropertySourceConverter.makeEncryptable - Converting PropertySource random [org.springframework.boot.env.RandomValuePropertySource] to EncryptablePropertySourceWrapper
[INFO ] 2026-09-06 14:44:29 234 [main] c.u.j.EncryptablePropertySourceConverter.makeEncryptable - Converting PropertySource applicationConfig: [classpath:/application.yml] [org.springframework.boot.env.OriginTrackedMapPropertySource] to EncryptableMapPropertySourceWrapper
[INFO ] 2026-09-06 14:44:29 303 [main] c.u.j.f.DefaultLazyPropertyFilter.lambda$null$2 - Property Filter custom Bean not found with name 'encryptablePropertyFilter'. Initializing Default Property Filter
[INFO ] 2026-09-06 14:44:29 370 [main] o.s.c.s.PostProcessorRegistrationDelegate$BeanPostProcessorChecker.postProcessAfterInitialization - Bean 'org.springframework.transaction.annotation.ProxyTransactionManagementConfiguration' of type [org.springframework.transaction.annotation.ProxyTransactionManagementConfiguration$$EnhancerBySpringCGLIB$$97a6f84c] is not eligible for getting processed by all BeanPostProcessors (for example: not eligible for auto-proxying)
[INFO ] 2026-09-06 14:44:29 443 [main] c.u.j.r.DefaultLazyPropertyResolver.lambda$null$2 - Property Resolver custom Bean not found with name 'encryptablePropertyResolver'. Initializing Default Property Resolver
[INFO ] 2026-09-06 14:44:29 446 [main] c.u.j.d.DefaultLazyPropertyDetector.lambda$null$2 - Property Detector custom Bean not found with name 'encryptablePropertyDetector'. Initializing Default Property Detector
[INFO ] 2026-09-06 14:44:30 302 [main] o.s.s.c.ThreadPoolTaskExecutor.initialize - Initializing ExecutorService 'applicationTaskExecutor'
[INFO ] 2026-09-06 14:44:30 727 [main] n.d.b.g.s.a.GrpcServerFactoryAutoConfiguration.shadedNettyGrpcServerFactory - Detected grpc-netty-shaded: Creating ShadedNettyGrpcServerFactory
[INFO ] 2026-09-06 14:44:31 533 [main] n.d.b.g.s.s.AbstractGrpcServerFactory.configureServices - Registered gRPC service: BookService, bean: bookServiceGrpcImpl, class: com.lzumetal.springboot.grpc.server.service.impl.proto.BookServiceGrpcImpl
[INFO ] 2026-09-06 14:44:32 185 [main] n.d.b.g.s.s.GrpcServerLifecycle.createAndStartGrpcServer - gRPC Server started, listening on address: *, port: 9090
[INFO ] 2026-09-06 14:44:32 189 [main] c.l.s.g.s.test.BookTest.logStarted - Started BookTest in 4.318 seconds (JVM running for 5.285)
[INFO ] 2026-09-06 14:44:32 425 [Thread-3] n.d.b.g.s.s.GrpcServerLifecycle.stopAndReleaseGrpcServer - Completed gRPC server shutdown
[INFO ] 2026-09-06 14:44:32 428 [Thread-3] o.s.s.c.ThreadPoolTaskExecutor.shutdown - Shutting down ExecutorService 'applicationTaskExecutor'
[INFO ] 2026-09-06 14:45:15 806 [main] o.s.b.t.c.SpringBootTestContextBootstrapper.buildDefaultMergedContextConfiguration - Neither @ContextConfiguration nor @ContextHierarchy found for test class [com.lzumetal.springboot.grpc.server.test.BookTest], using SpringBootContextLoader
[INFO ] 2026-09-06 14:45:15 818 [main] o.s.t.c.s.AbstractContextLoader.generateDefaultLocations - Could not detect default resource locations for test class [com.lzumetal.springboot.grpc.server.test.BookTest]: no resource found for suffixes {-context.xml, Context.groovy}.
[INFO ] 2026-09-06 14:45:15 979 [main] o.s.b.t.c.SpringBootTestContextBootstrapper.getDefaultTestExecutionListenerClassNames - Loaded default TestExecutionListener class names from location [META-INF/spring.factories]: [org.springframework.boot.test.mock.mockito.MockitoTestExecutionListener, org.springframework.boot.test.mock.mockito.ResetMocksTestExecutionListener, org.springframework.boot.test.autoconfigure.restdocs.RestDocsTestExecutionListener, org.springframework.boot.test.autoconfigure.web.client.MockRestServiceServerResetTestExecutionListener, org.springframework.boot.test.autoconfigure.web.servlet.MockMvcPrintOnlyOnFailureTestExecutionListener, org.springframework.boot.test.autoconfigure.web.servlet.WebDriverTestExecutionListener, org.springframework.test.context.web.ServletTestExecutionListener, org.springframework.test.context.support.DirtiesContextBeforeModesTestExecutionListener, org.springframework.test.context.support.DependencyInjectionTestExecutionListener, org.springframework.test.context.support.DirtiesContextTestExecutionListener, org.springframework.test.context.transaction.TransactionalTestExecutionListener, org.springframework.test.context.jdbc.SqlScriptsTestExecutionListener]
[INFO ] 2026-09-06 14:45:15 997 [main] o.s.b.t.c.SpringBootTestContextBootstrapper.getTestExecutionListeners - Using TestExecutionListeners: [org.springframework.test.context.web.ServletTestExecutionListener@1dac5ef, org.springframework.test.context.support.DirtiesContextBeforeModesTestExecutionListener@5c90e579, org.springframework.boot.test.mock.mockito.MockitoTestExecutionListener@58ea606c, org.springframework.boot.test.autoconfigure.SpringBootDependencyInjectionTestExecutionListener@6f45df59, org.springframework.test.context.support.DirtiesContextTestExecutionListener@38e79ae3, org.springframework.test.context.transaction.TransactionalTestExecutionListener@63070bab, org.springframework.test.context.jdbc.SqlScriptsTestExecutionListener@68e5eea7, org.springframework.boot.test.mock.mockito.ResetMocksTestExecutionListener@291b4bf5, org.springframework.boot.test.autoconfigure.restdocs.RestDocsTestExecutionListener@2d2ffcb7, org.springframework.boot.test.autoconfigure.web.client.MockRestServiceServerResetTestExecutionListener@762ef0ea, org.springframework.boot.test.autoconfigure.web.servlet.MockMvcPrintOnlyOnFailureTestExecutionListener@31f9b85e, org.springframework.boot.test.autoconfigure.web.servlet.WebDriverTestExecutionListener@424e1977]
[WARN ] 2026-09-06 14:45:16 322 [main] o.s.b.t.j.DuplicateJsonObjectContextCustomizerFactory$DuplicateJsonObjectContextCustomizer.logDuplicateJsonObjectsWarning - 

Found multiple occurrences of org.json.JSONObject on the class path:

	jar:file:/D:/Tool/maven-repository/org/json/json/20160810/json-20160810.jar!/org/json/JSONObject.class
	jar:file:/D:/Tool/maven-repository/com/vaadin/external/google/android-json/0.0.20131108.vaadin1/android-json-0.0.20131108.vaadin1.jar!/org/json/JSONObject.class

You may wish to exclude one of them to ensure predictable runtime behavior

[INFO ] 2026-09-06 14:45:16 337 [main] c.l.s.g.s.test.BookTest.logStarting - Starting BookTest on liaosi-laptop with PID 16332 (started by Administrator in D:\DevelopWorkspace\Java\spring-boot\grpc-server)
[INFO ] 2026-09-06 14:45:16 342 [main] c.l.s.g.s.test.BookTest.logStartupProfileInfo - No active profile set, falling back to default profiles: default
[INFO ] 2026-09-06 14:45:17 227 [main] c.u.j.c.EnableEncryptablePropertiesBeanFactoryPostProcessor.postProcessBeanFactory - Post-processing PropertySource instances
[INFO ] 2026-09-06 14:45:17 242 [main] c.u.j.EncryptablePropertySourceConverter.makeEncryptable - Converting PropertySource configurationProperties [org.springframework.boot.context.properties.source.ConfigurationPropertySourcesPropertySource] to AOP Proxy
[INFO ] 2026-09-06 14:45:17 242 [main] c.u.j.EncryptablePropertySourceConverter.makeEncryptable - Converting PropertySource Inlined Test Properties [org.springframework.core.env.MapPropertySource] to EncryptableMapPropertySourceWrapper
[INFO ] 2026-09-06 14:45:17 242 [main] c.u.j.EncryptablePropertySourceConverter.makeEncryptable - Converting PropertySource systemProperties [org.springframework.core.env.MapPropertySource] to EncryptableMapPropertySourceWrapper
[INFO ] 2026-09-06 14:45:17 242 [main] c.u.j.EncryptablePropertySourceConverter.makeEncryptable - Converting PropertySource systemEnvironment [org.springframework.boot.env.SystemEnvironmentPropertySourceEnvironmentPostProcessor$OriginAwareSystemEnvironmentPropertySource] to EncryptableSystemEnvironmentPropertySourceWrapper
[INFO ] 2026-09-06 14:45:17 242 [main] c.u.j.EncryptablePropertySourceConverter.makeEncryptable - Converting PropertySource random [org.springframework.boot.env.RandomValuePropertySource] to EncryptablePropertySourceWrapper
[INFO ] 2026-09-06 14:45:17 242 [main] c.u.j.EncryptablePropertySourceConverter.makeEncryptable - Converting PropertySource applicationConfig: [classpath:/application.yml] [org.springframework.boot.env.OriginTrackedMapPropertySource] to EncryptableMapPropertySourceWrapper
[INFO ] 2026-09-06 14:45:17 306 [main] c.u.j.f.DefaultLazyPropertyFilter.lambda$null$2 - Property Filter custom Bean not found with name 'encryptablePropertyFilter'. Initializing Default Property Filter
[INFO ] 2026-09-06 14:45:17 372 [main] o.s.c.s.PostProcessorRegistrationDelegate$BeanPostProcessorChecker.postProcessAfterInitialization - Bean 'org.springframework.transaction.annotation.ProxyTransactionManagementConfiguration' of type [org.springframework.transaction.annotation.ProxyTransactionManagementConfiguration$$EnhancerBySpringCGLIB$$fc7f8089] is not eligible for getting processed by all BeanPostProcessors (for example: not eligible for auto-proxying)
[INFO ] 2026-09-06 14:45:17 426 [main] c.u.j.r.DefaultLazyPropertyResolver.lambda$null$2 - Property Resolver custom Bean not found with name 'encryptablePropertyResolver'. Initializing Default Property Resolver
[INFO ] 2026-09-06 14:45:17 431 [main] c.u.j.d.DefaultLazyPropertyDetector.lambda$null$2 - Property Detector custom Bean not found with name 'encryptablePropertyDetector'. Initializing Default Property Detector
[INFO ] 2026-09-06 14:45:18 226 [main] o.s.s.c.ThreadPoolTaskExecutor.initialize - Initializing ExecutorService 'applicationTaskExecutor'
[INFO ] 2026-09-06 14:45:18 578 [main] n.d.b.g.s.a.GrpcServerFactoryAutoConfiguration.shadedNettyGrpcServerFactory - Detected grpc-netty-shaded: Creating ShadedNettyGrpcServerFactory
[INFO ] 2026-09-06 14:45:19 277 [main] n.d.b.g.s.s.AbstractGrpcServerFactory.configureServices - Registered gRPC service: BookService, bean: bookServiceGrpcImpl, class: com.lzumetal.springboot.grpc.server.service.impl.proto.BookServiceGrpcImpl
[INFO ] 2026-09-06 14:45:19 850 [main] n.d.b.g.s.s.GrpcServerLifecycle.createAndStartGrpcServer - gRPC Server started, listening on address: *, port: 9090
[INFO ] 2026-09-06 14:45:19 866 [main] c.l.s.g.s.test.BookTest.logStarted - Started BookTest in 3.809 seconds (JVM running for 4.582)
[INFO ] 2026-09-06 14:45:20 040 [main] c.z.h.HikariDataSource.getConnection - HikariPool-1 - Starting...
[INFO ] 2026-09-06 14:45:20 229 [main] c.z.h.HikariDataSource.getConnection - HikariPool-1 - Start completed.
[INFO ] 2026-09-06 14:45:20 387 [Thread-3] n.d.b.g.s.s.GrpcServerLifecycle.stopAndReleaseGrpcServer - Completed gRPC server shutdown
[INFO ] 2026-09-06 14:45:20 387 [Thread-3] o.s.s.c.ThreadPoolTaskExecutor.shutdown - Shutting down ExecutorService 'applicationTaskExecutor'
[INFO ] 2026-09-06 14:45:20 387 [Thread-3] c.z.h.HikariDataSource.close - HikariPool-1 - Shutdown initiated...
[INFO ] 2026-09-06 14:45:20 403 [Thread-3] c.z.h.HikariDataSource.close - HikariPool-1 - Shutdown completed.
[INFO ] 2026-09-06 14:45:43 214 [main] o.s.b.t.c.SpringBootTestContextBootstrapper.buildDefaultMergedContextConfiguration - Neither @ContextConfiguration nor @ContextHierarchy found for test class [com.lzumetal.springboot.grpc.server.test.BookTest], using SpringBootContextLoader
[INFO ] 2026-09-06 14:45:43 216 [main] o.s.t.c.s.AbstractContextLoader.generateDefaultLocations - Could not detect default resource locations for test class [com.lzumetal.springboot.grpc.server.test.BookTest]: no resource found for suffixes {-context.xml, Context.groovy}.
[INFO ] 2026-09-06 14:45:43 370 [main] o.s.b.t.c.SpringBootTestContextBootstrapper.getDefaultTestExecutionListenerClassNames - Loaded default TestExecutionListener class names from location [META-INF/spring.factories]: [org.springframework.boot.test.mock.mockito.MockitoTestExecutionListener, org.springframework.boot.test.mock.mockito.ResetMocksTestExecutionListener, org.springframework.boot.test.autoconfigure.restdocs.RestDocsTestExecutionListener, org.springframework.boot.test.autoconfigure.web.client.MockRestServiceServerResetTestExecutionListener, org.springframework.boot.test.autoconfigure.web.servlet.MockMvcPrintOnlyOnFailureTestExecutionListener, org.springframework.boot.test.autoconfigure.web.servlet.WebDriverTestExecutionListener, org.springframework.test.context.web.ServletTestExecutionListener, org.springframework.test.context.support.DirtiesContextBeforeModesTestExecutionListener, org.springframework.test.context.support.DependencyInjectionTestExecutionListener, org.springframework.test.context.support.DirtiesContextTestExecutionListener, org.springframework.test.context.transaction.TransactionalTestExecutionListener, org.springframework.test.context.jdbc.SqlScriptsTestExecutionListener]
[INFO ] 2026-09-06 14:45:43 383 [main] o.s.b.t.c.SpringBootTestContextBootstrapper.getTestExecutionListeners - Using TestExecutionListeners: [org.springframework.test.context.web.ServletTestExecutionListener@1dac5ef, org.springframework.test.context.support.DirtiesContextBeforeModesTestExecutionListener@5c90e579, org.springframework.boot.test.mock.mockito.MockitoTestExecutionListener@58ea606c, org.springframework.boot.test.autoconfigure.SpringBootDependencyInjectionTestExecutionListener@6f45df59, org.springframework.test.context.support.DirtiesContextTestExecutionListener@38e79ae3, org.springframework.test.context.transaction.TransactionalTestExecutionListener@63070bab, org.springframework.test.context.jdbc.SqlScriptsTestExecutionListener@68e5eea7, org.springframework.boot.test.mock.mockito.ResetMocksTestExecutionListener@291b4bf5, org.springframework.boot.test.autoconfigure.restdocs.RestDocsTestExecutionListener@2d2ffcb7, org.springframework.boot.test.autoconfigure.web.client.MockRestServiceServerResetTestExecutionListener@762ef0ea, org.springframework.boot.test.autoconfigure.web.servlet.MockMvcPrintOnlyOnFailureTestExecutionListener@31f9b85e, org.springframework.boot.test.autoconfigure.web.servlet.WebDriverTestExecutionListener@424e1977]
[WARN ] 2026-09-06 14:45:43 700 [main] o.s.b.t.j.DuplicateJsonObjectContextCustomizerFactory$DuplicateJsonObjectContextCustomizer.logDuplicateJsonObjectsWarning - 

Found multiple occurrences of org.json.JSONObject on the class path:

	jar:file:/D:/Tool/maven-repository/org/json/json/20160810/json-20160810.jar!/org/json/JSONObject.class
	jar:file:/D:/Tool/maven-repository/com/vaadin/external/google/android-json/0.0.20131108.vaadin1/android-json-0.0.20131108.vaadin1.jar!/org/json/JSONObject.class

You may wish to exclude one of them to ensure predictable runtime behavior

[INFO ] 2026-09-06 14:45:43 723 [main] c.l.s.g.s.test.BookTest.logStarting - Starting BookTest on liaosi-laptop with PID 7280 (started by Administrator in D:\DevelopWorkspace\Java\spring-boot\grpc-server)
[INFO ] 2026-09-06 14:45:43 723 [main] c.l.s.g.s.test.BookTest.logStartupProfileInfo - No active profile set, falling back to default profiles: default
[INFO ] 2026-09-06 14:45:44 634 [main] c.u.j.c.EnableEncryptablePropertiesBeanFactoryPostProcessor.postProcessBeanFactory - Post-processing PropertySource instances
[INFO ] 2026-09-06 14:45:44 662 [main] c.u.j.EncryptablePropertySourceConverter.makeEncryptable - Converting PropertySource configurationProperties [org.springframework.boot.context.properties.source.ConfigurationPropertySourcesPropertySource] to AOP Proxy
[INFO ] 2026-09-06 14:45:44 663 [main] c.u.j.EncryptablePropertySourceConverter.makeEncryptable - Converting PropertySource Inlined Test Properties [org.springframework.core.env.MapPropertySource] to EncryptableMapPropertySourceWrapper
[INFO ] 2026-09-06 14:45:44 663 [main] c.u.j.EncryptablePropertySourceConverter.makeEncryptable - Converting PropertySource systemProperties [org.springframework.core.env.MapPropertySource] to EncryptableMapPropertySourceWrapper
[INFO ] 2026-09-06 14:45:44 663 [main] c.u.j.EncryptablePropertySourceConverter.makeEncryptable - Converting PropertySource systemEnvironment [org.springframework.boot.env.SystemEnvironmentPropertySourceEnvironmentPostProcessor$OriginAwareSystemEnvironmentPropertySource] to EncryptableSystemEnvironmentPropertySourceWrapper
[INFO ] 2026-09-06 14:45:44 663 [main] c.u.j.EncryptablePropertySourceConverter.makeEncryptable - Converting PropertySource random [org.springframework.boot.env.RandomValuePropertySource] to EncryptablePropertySourceWrapper
[INFO ] 2026-09-06 14:45:44 663 [main] c.u.j.EncryptablePropertySourceConverter.makeEncryptable - Converting PropertySource applicationConfig: [classpath:/application.yml] [org.springframework.boot.env.OriginTrackedMapPropertySource] to EncryptableMapPropertySourceWrapper
[INFO ] 2026-09-06 14:45:44 723 [main] c.u.j.f.DefaultLazyPropertyFilter.lambda$null$2 - Property Filter custom Bean not found with name 'encryptablePropertyFilter'. Initializing Default Property Filter
[INFO ] 2026-09-06 14:45:44 786 [main] o.s.c.s.PostProcessorRegistrationDelegate$BeanPostProcessorChecker.postProcessAfterInitialization - Bean 'org.springframework.transaction.annotation.ProxyTransactionManagementConfiguration' of type [org.springframework.transaction.annotation.ProxyTransactionManagementConfiguration$$EnhancerBySpringCGLIB$$97a6f84c] is not eligible for getting processed by all BeanPostProcessors (for example: not eligible for auto-proxying)
[INFO ] 2026-09-06 14:45:44 834 [main] c.u.j.r.DefaultLazyPropertyResolver.lambda$null$2 - Property Resolver custom Bean not found with name 'encryptablePropertyResolver'. Initializing Default Property Resolver
[INFO ] 2026-09-06 14:45:44 834 [main] c.u.j.d.DefaultLazyPropertyDetector.lambda$null$2 - Property Detector custom Bean not found with name 'encryptablePropertyDetector'. Initializing Default Property Detector
[INFO ] 2026-09-06 14:45:45 601 [main] o.s.s.c.ThreadPoolTaskExecutor.initialize - Initializing ExecutorService 'applicationTaskExecutor'
[INFO ] 2026-09-06 14:45:45 941 [main] n.d.b.g.s.a.GrpcServerFactoryAutoConfiguration.shadedNettyGrpcServerFactory - Detected grpc-netty-shaded: Creating ShadedNettyGrpcServerFactory
[INFO ] 2026-09-06 14:45:46 678 [main] n.d.b.g.s.s.AbstractGrpcServerFactory.configureServices - Registered gRPC service: BookService, bean: bookServiceGrpcImpl, class: com.lzumetal.springboot.grpc.server.service.impl.proto.BookServiceGrpcImpl
[INFO ] 2026-09-06 14:45:47 369 [main] n.d.b.g.s.s.GrpcServerLifecycle.createAndStartGrpcServer - gRPC Server started, listening on address: *, port: 9090
[INFO ] 2026-09-06 14:45:47 377 [main] c.l.s.g.s.test.BookTest.logStarted - Started BookTest in 3.954 seconds (JVM running for 4.683)
[INFO ] 2026-09-06 14:45:47 560 [main] c.z.h.HikariDataSource.getConnection - HikariPool-1 - Starting...
[INFO ] 2026-09-06 14:45:47 680 [main] c.z.h.HikariDataSource.getConnection - HikariPool-1 - Start completed.
[INFO ] 2026-09-06 14:45:47 727 [main] c.l.s.g.s.s.BookService.getById - 查询完成|1|Book(id=1, bookName=null, author=曹雪芹, price=60.00, createTime=null)
[INFO ] 2026-09-06 14:45:47 743 [Thread-3] n.d.b.g.s.s.GrpcServerLifecycle.stopAndReleaseGrpcServer - Completed gRPC server shutdown
[INFO ] 2026-09-06 14:45:47 743 [Thread-3] o.s.s.c.ThreadPoolTaskExecutor.shutdown - Shutting down ExecutorService 'applicationTaskExecutor'
[INFO ] 2026-09-06 14:45:47 743 [Thread-3] c.z.h.HikariDataSource.close - HikariPool-1 - Shutdown initiated...
[INFO ] 2026-09-06 14:45:47 759 [Thread-3] c.z.h.HikariDataSource.close - HikariPool-1 - Shutdown completed.
[INFO ] 2026-09-06 14:48:34 234 [main] o.s.b.t.c.SpringBootTestContextBootstrapper.buildDefaultMergedContextConfiguration - Neither @ContextConfiguration nor @ContextHierarchy found for test class [com.lzumetal.springboot.grpc.server.test.BookTest], using SpringBootContextLoader
[INFO ] 2026-09-06 14:48:34 238 [main] o.s.t.c.s.AbstractContextLoader.generateDefaultLocations - Could not detect default resource locations for test class [com.lzumetal.springboot.grpc.server.test.BookTest]: no resource found for suffixes {-context.xml, Context.groovy}.
[INFO ] 2026-09-06 14:48:34 398 [main] o.s.b.t.c.SpringBootTestContextBootstrapper.getDefaultTestExecutionListenerClassNames - Loaded default TestExecutionListener class names from location [META-INF/spring.factories]: [org.springframework.boot.test.mock.mockito.MockitoTestExecutionListener, org.springframework.boot.test.mock.mockito.ResetMocksTestExecutionListener, org.springframework.boot.test.autoconfigure.restdocs.RestDocsTestExecutionListener, org.springframework.boot.test.autoconfigure.web.client.MockRestServiceServerResetTestExecutionListener, org.springframework.boot.test.autoconfigure.web.servlet.MockMvcPrintOnlyOnFailureTestExecutionListener, org.springframework.boot.test.autoconfigure.web.servlet.WebDriverTestExecutionListener, org.springframework.test.context.web.ServletTestExecutionListener, org.springframework.test.context.support.DirtiesContextBeforeModesTestExecutionListener, org.springframework.test.context.support.DependencyInjectionTestExecutionListener, org.springframework.test.context.support.DirtiesContextTestExecutionListener, org.springframework.test.context.transaction.TransactionalTestExecutionListener, org.springframework.test.context.jdbc.SqlScriptsTestExecutionListener]
[INFO ] 2026-09-06 14:48:34 423 [main] o.s.b.t.c.SpringBootTestContextBootstrapper.getTestExecutionListeners - Using TestExecutionListeners: [org.springframework.test.context.web.ServletTestExecutionListener@1dac5ef, org.springframework.test.context.support.DirtiesContextBeforeModesTestExecutionListener@5c90e579, org.springframework.boot.test.mock.mockito.MockitoTestExecutionListener@58ea606c, org.springframework.boot.test.autoconfigure.SpringBootDependencyInjectionTestExecutionListener@6f45df59, org.springframework.test.context.support.DirtiesContextTestExecutionListener@38e79ae3, org.springframework.test.context.transaction.TransactionalTestExecutionListener@63070bab, org.springframework.test.context.jdbc.SqlScriptsTestExecutionListener@68e5eea7, org.springframework.boot.test.mock.mockito.ResetMocksTestExecutionListener@291b4bf5, org.springframework.boot.test.autoconfigure.restdocs.RestDocsTestExecutionListener@2d2ffcb7, org.springframework.boot.test.autoconfigure.web.client.MockRestServiceServerResetTestExecutionListener@762ef0ea, org.springframework.boot.test.autoconfigure.web.servlet.MockMvcPrintOnlyOnFailureTestExecutionListener@31f9b85e, org.springframework.boot.test.autoconfigure.web.servlet.WebDriverTestExecutionListener@424e1977]
[WARN ] 2026-09-06 14:48:34 728 [main] o.s.b.t.j.DuplicateJsonObjectContextCustomizerFactory$DuplicateJsonObjectContextCustomizer.logDuplicateJsonObjectsWarning - 

Found multiple occurrences of org.json.JSONObject on the class path:

	jar:file:/D:/Tool/maven-repository/org/json/json/20160810/json-20160810.jar!/org/json/JSONObject.class
	jar:file:/D:/Tool/maven-repository/com/vaadin/external/google/android-json/0.0.20131108.vaadin1/android-json-0.0.20131108.vaadin1.jar!/org/json/JSONObject.class

You may wish to exclude one of them to ensure predictable runtime behavior

[INFO ] 2026-09-06 14:48:34 738 [main] c.l.s.g.s.test.BookTest.logStarting - Starting BookTest on liaosi-laptop with PID 11324 (started by Administrator in D:\DevelopWorkspace\Java\spring-boot\grpc-server)
[INFO ] 2026-09-06 14:48:34 740 [main] c.l.s.g.s.test.BookTest.logStartupProfileInfo - No active profile set, falling back to default profiles: default
[INFO ] 2026-09-06 14:48:35 601 [main] c.u.j.c.EnableEncryptablePropertiesBeanFactoryPostProcessor.postProcessBeanFactory - Post-processing PropertySource instances
[INFO ] 2026-09-06 14:48:35 616 [main] c.u.j.EncryptablePropertySourceConverter.makeEncryptable - Converting PropertySource configurationProperties [org.springframework.boot.context.properties.source.ConfigurationPropertySourcesPropertySource] to AOP Proxy
[INFO ] 2026-09-06 14:48:35 616 [main] c.u.j.EncryptablePropertySourceConverter.makeEncryptable - Converting PropertySource Inlined Test Properties [org.springframework.core.env.MapPropertySource] to EncryptableMapPropertySourceWrapper
[INFO ] 2026-09-06 14:48:35 616 [main] c.u.j.EncryptablePropertySourceConverter.makeEncryptable - Converting PropertySource systemProperties [org.springframework.core.env.MapPropertySource] to EncryptableMapPropertySourceWrapper
[INFO ] 2026-09-06 14:48:35 616 [main] c.u.j.EncryptablePropertySourceConverter.makeEncryptable - Converting PropertySource systemEnvironment [org.springframework.boot.env.SystemEnvironmentPropertySourceEnvironmentPostProcessor$OriginAwareSystemEnvironmentPropertySource] to EncryptableSystemEnvironmentPropertySourceWrapper
[INFO ] 2026-09-06 14:48:35 616 [main] c.u.j.EncryptablePropertySourceConverter.makeEncryptable - Converting PropertySource random [org.springframework.boot.env.RandomValuePropertySource] to EncryptablePropertySourceWrapper
[INFO ] 2026-09-06 14:48:35 616 [main] c.u.j.EncryptablePropertySourceConverter.makeEncryptable - Converting PropertySource applicationConfig: [classpath:/application.yml] [org.springframework.boot.env.OriginTrackedMapPropertySource] to EncryptableMapPropertySourceWrapper
[INFO ] 2026-09-06 14:48:35 683 [main] c.u.j.f.DefaultLazyPropertyFilter.lambda$null$2 - Property Filter custom Bean not found with name 'encryptablePropertyFilter'. Initializing Default Property Filter
[INFO ] 2026-09-06 14:48:35 748 [main] o.s.c.s.PostProcessorRegistrationDelegate$BeanPostProcessorChecker.postProcessAfterInitialization - Bean 'org.springframework.transaction.annotation.ProxyTransactionManagementConfiguration' of type [org.springframework.transaction.annotation.ProxyTransactionManagementConfiguration$$EnhancerBySpringCGLIB$$16c0afd] is not eligible for getting processed by all BeanPostProcessors (for example: not eligible for auto-proxying)
[INFO ] 2026-09-06 14:48:35 808 [main] c.u.j.r.DefaultLazyPropertyResolver.lambda$null$2 - Property Resolver custom Bean not found with name 'encryptablePropertyResolver'. Initializing Default Property Resolver
[INFO ] 2026-09-06 14:48:35 808 [main] c.u.j.d.DefaultLazyPropertyDetector.lambda$null$2 - Property Detector custom Bean not found with name 'encryptablePropertyDetector'. Initializing Default Property Detector
[INFO ] 2026-09-06 14:48:36 611 [main] o.s.s.c.ThreadPoolTaskExecutor.initialize - Initializing ExecutorService 'applicationTaskExecutor'
[INFO ] 2026-09-06 14:48:36 952 [main] n.d.b.g.s.a.GrpcServerFactoryAutoConfiguration.shadedNettyGrpcServerFactory - Detected grpc-netty-shaded: Creating ShadedNettyGrpcServerFactory
[INFO ] 2026-09-06 14:48:37 624 [main] n.d.b.g.s.s.AbstractGrpcServerFactory.configureServices - Registered gRPC service: BookService, bean: bookServiceGrpcImpl, class: com.lzumetal.springboot.grpc.server.service.impl.proto.BookServiceGrpcImpl
[INFO ] 2026-09-06 14:48:38 481 [main] n.d.b.g.s.s.GrpcServerLifecycle.createAndStartGrpcServer - gRPC Server started, listening on address: *, port: 9090
[INFO ] 2026-09-06 14:48:38 495 [main] c.l.s.g.s.test.BookTest.logStarted - Started BookTest in 4.02 seconds (JVM running for 4.774)
[INFO ] 2026-09-06 14:48:38 684 [main] c.z.h.HikariDataSource.getConnection - HikariPool-1 - Starting...
[INFO ] 2026-09-06 14:48:38 843 [main] c.z.h.HikariDataSource.getConnection - HikariPool-1 - Start completed.
[INFO ] 2026-09-06 14:48:38 969 [Thread-3] n.d.b.g.s.s.GrpcServerLifecycle.stopAndReleaseGrpcServer - Completed gRPC server shutdown
[INFO ] 2026-09-06 14:48:38 984 [Thread-3] o.s.s.c.ThreadPoolTaskExecutor.shutdown - Shutting down ExecutorService 'applicationTaskExecutor'
[INFO ] 2026-09-06 14:48:38 984 [Thread-3] c.z.h.HikariDataSource.close - HikariPool-1 - Shutdown initiated...
[INFO ] 2026-09-06 14:48:38 984 [Thread-3] c.z.h.HikariDataSource.close - HikariPool-1 - Shutdown completed.
[INFO ] 2026-09-06 14:49:26 691 [main] o.s.b.t.c.SpringBootTestContextBootstrapper.buildDefaultMergedContextConfiguration - Neither @ContextConfiguration nor @ContextHierarchy found for test class [com.lzumetal.springboot.grpc.server.test.BookTest], using SpringBootContextLoader
[INFO ] 2026-09-06 14:49:26 691 [main] o.s.t.c.s.AbstractContextLoader.generateDefaultLocations - Could not detect default resource locations for test class [com.lzumetal.springboot.grpc.server.test.BookTest]: no resource found for suffixes {-context.xml, Context.groovy}.
[INFO ] 2026-09-06 14:49:26 850 [main] o.s.b.t.c.SpringBootTestContextBootstrapper.getDefaultTestExecutionListenerClassNames - Loaded default TestExecutionListener class names from location [META-INF/spring.factories]: [org.springframework.boot.test.mock.mockito.MockitoTestExecutionListener, org.springframework.boot.test.mock.mockito.ResetMocksTestExecutionListener, org.springframework.boot.test.autoconfigure.restdocs.RestDocsTestExecutionListener, org.springframework.boot.test.autoconfigure.web.client.MockRestServiceServerResetTestExecutionListener, org.springframework.boot.test.autoconfigure.web.servlet.MockMvcPrintOnlyOnFailureTestExecutionListener, org.springframework.boot.test.autoconfigure.web.servlet.WebDriverTestExecutionListener, org.springframework.test.context.web.ServletTestExecutionListener, org.springframework.test.context.support.DirtiesContextBeforeModesTestExecutionListener, org.springframework.test.context.support.DependencyInjectionTestExecutionListener, org.springframework.test.context.support.DirtiesContextTestExecutionListener, org.springframework.test.context.transaction.TransactionalTestExecutionListener, org.springframework.test.context.jdbc.SqlScriptsTestExecutionListener]
[INFO ] 2026-09-06 14:49:26 866 [main] o.s.b.t.c.SpringBootTestContextBootstrapper.getTestExecutionListeners - Using TestExecutionListeners: [org.springframework.test.context.web.ServletTestExecutionListener@1dac5ef, org.springframework.test.context.support.DirtiesContextBeforeModesTestExecutionListener@5c90e579, org.springframework.boot.test.mock.mockito.MockitoTestExecutionListener@58ea606c, org.springframework.boot.test.autoconfigure.SpringBootDependencyInjectionTestExecutionListener@6f45df59, org.springframework.test.context.support.DirtiesContextTestExecutionListener@38e79ae3, org.springframework.test.context.transaction.TransactionalTestExecutionListener@63070bab, org.springframework.test.context.jdbc.SqlScriptsTestExecutionListener@68e5eea7, org.springframework.boot.test.mock.mockito.ResetMocksTestExecutionListener@291b4bf5, org.springframework.boot.test.autoconfigure.restdocs.RestDocsTestExecutionListener@2d2ffcb7, org.springframework.boot.test.autoconfigure.web.client.MockRestServiceServerResetTestExecutionListener@762ef0ea, org.springframework.boot.test.autoconfigure.web.servlet.MockMvcPrintOnlyOnFailureTestExecutionListener@31f9b85e, org.springframework.boot.test.autoconfigure.web.servlet.WebDriverTestExecutionListener@424e1977]
[WARN ] 2026-09-06 14:49:27 198 [main] o.s.b.t.j.DuplicateJsonObjectContextCustomizerFactory$DuplicateJsonObjectContextCustomizer.logDuplicateJsonObjectsWarning - 

Found multiple occurrences of org.json.JSONObject on the class path:

	jar:file:/D:/Tool/maven-repository/org/json/json/20160810/json-20160810.jar!/org/json/JSONObject.class
	jar:file:/D:/Tool/maven-repository/com/vaadin/external/google/android-json/0.0.20131108.vaadin1/android-json-0.0.20131108.vaadin1.jar!/org/json/JSONObject.class

You may wish to exclude one of them to ensure predictable runtime behavior

[INFO ] 2026-09-06 14:49:27 206 [main] c.l.s.g.s.test.BookTest.logStarting - Starting BookTest on liaosi-laptop with PID 6052 (started by Administrator in D:\DevelopWorkspace\Java\spring-boot\grpc-server)
[INFO ] 2026-09-06 14:49:27 206 [main] c.l.s.g.s.test.BookTest.logStartupProfileInfo - No active profile set, falling back to default profiles: default
[INFO ] 2026-09-06 14:49:28 118 [main] c.u.j.c.EnableEncryptablePropertiesBeanFactoryPostProcessor.postProcessBeanFactory - Post-processing PropertySource instances
[INFO ] 2026-09-06 14:49:28 145 [main] c.u.j.EncryptablePropertySourceConverter.makeEncryptable - Converting PropertySource configurationProperties [org.springframework.boot.context.properties.source.ConfigurationPropertySourcesPropertySource] to AOP Proxy
[INFO ] 2026-09-06 14:49:28 145 [main] c.u.j.EncryptablePropertySourceConverter.makeEncryptable - Converting PropertySource Inlined Test Properties [org.springframework.core.env.MapPropertySource] to EncryptableMapPropertySourceWrapper
[INFO ] 2026-09-06 14:49:28 145 [main] c.u.j.EncryptablePropertySourceConverter.makeEncryptable - Converting PropertySource systemProperties [org.springframework.core.env.MapPropertySource] to EncryptableMapPropertySourceWrapper
[INFO ] 2026-09-06 14:49:28 145 [main] c.u.j.EncryptablePropertySourceConverter.makeEncryptable - Converting PropertySource systemEnvironment [org.springframework.boot.env.SystemEnvironmentPropertySourceEnvironmentPostProcessor$OriginAwareSystemEnvironmentPropertySource] to EncryptableSystemEnvironmentPropertySourceWrapper
[INFO ] 2026-09-06 14:49:28 145 [main] c.u.j.EncryptablePropertySourceConverter.makeEncryptable - Converting PropertySource random [org.springframework.boot.env.RandomValuePropertySource] to EncryptablePropertySourceWrapper
[INFO ] 2026-09-06 14:49:28 145 [main] c.u.j.EncryptablePropertySourceConverter.makeEncryptable - Converting PropertySource applicationConfig: [classpath:/application.yml] [org.springframework.boot.env.OriginTrackedMapPropertySource] to EncryptableMapPropertySourceWrapper
[INFO ] 2026-09-06 14:49:28 204 [main] c.u.j.f.DefaultLazyPropertyFilter.lambda$null$2 - Property Filter custom Bean not found with name 'encryptablePropertyFilter'. Initializing Default Property Filter
[INFO ] 2026-09-06 14:49:28 257 [main] o.s.c.s.PostProcessorRegistrationDelegate$BeanPostProcessorChecker.postProcessAfterInitialization - Bean 'org.springframework.transaction.annotation.ProxyTransactionManagementConfiguration' of type [org.springframework.transaction.annotation.ProxyTransactionManagementConfiguration$$EnhancerBySpringCGLIB$$2fe0e2f2] is not eligible for getting processed by all BeanPostProcessors (for example: not eligible for auto-proxying)
[INFO ] 2026-09-06 14:49:28 304 [main] c.u.j.r.DefaultLazyPropertyResolver.lambda$null$2 - Property Resolver custom Bean not found with name 'encryptablePropertyResolver'. Initializing Default Property Resolver
[INFO ] 2026-09-06 14:49:28 304 [main] c.u.j.d.DefaultLazyPropertyDetector.lambda$null$2 - Property Detector custom Bean not found with name 'encryptablePropertyDetector'. Initializing Default Property Detector
[INFO ] 2026-09-06 14:49:29 096 [main] o.s.s.c.ThreadPoolTaskExecutor.initialize - Initializing ExecutorService 'applicationTaskExecutor'
[INFO ] 2026-09-06 14:49:29 449 [main] n.d.b.g.s.a.GrpcServerFactoryAutoConfiguration.shadedNettyGrpcServerFactory - Detected grpc-netty-shaded: Creating ShadedNettyGrpcServerFactory
[INFO ] 2026-09-06 14:49:30 186 [main] n.d.b.g.s.s.AbstractGrpcServerFactory.configureServices - Registered gRPC service: BookService, bean: bookServiceGrpcImpl, class: com.lzumetal.springboot.grpc.server.service.impl.proto.BookServiceGrpcImpl
[INFO ] 2026-09-06 14:49:30 964 [main] n.d.b.g.s.s.GrpcServerLifecycle.createAndStartGrpcServer - gRPC Server started, listening on address: *, port: 9090
[INFO ] 2026-09-06 14:49:30 979 [main] c.l.s.g.s.test.BookTest.logStarted - Started BookTest in 4.064 seconds (JVM running for 4.787)
[INFO ] 2026-09-06 14:49:31 188 [main] c.z.h.HikariDataSource.getConnection - HikariPool-1 - Starting...
[INFO ] 2026-09-06 14:49:31 340 [main] c.z.h.HikariDataSource.getConnection - HikariPool-1 - Start completed.
[INFO ] 2026-09-06 14:49:31 419 [main] c.l.s.g.s.s.BookService.getById - 查询完成|1|Book(id=1, bookName=null, author=曹雪芹, price=60.00, createTime=null)
[INFO ] 2026-09-06 14:49:31 435 [Thread-3] n.d.b.g.s.s.GrpcServerLifecycle.stopAndReleaseGrpcServer - Completed gRPC server shutdown
[INFO ] 2026-09-06 14:49:31 435 [Thread-3] o.s.s.c.ThreadPoolTaskExecutor.shutdown - Shutting down ExecutorService 'applicationTaskExecutor'
[INFO ] 2026-09-06 14:49:31 448 [Thread-3] c.z.h.HikariDataSource.close - HikariPool-1 - Shutdown initiated...
[INFO ] 2026-09-06 14:49:31 451 [Thread-3] c.z.h.HikariDataSource.close - HikariPool-1 - Shutdown completed.
[INFO ] 2026-09-06 14:50:29 083 [main] o.s.b.t.c.SpringBootTestContextBootstrapper.buildDefaultMergedContextConfiguration - Neither @ContextConfiguration nor @ContextHierarchy found for test class [com.lzumetal.springboot.grpc.server.test.BookTest], using SpringBootContextLoader
[INFO ] 2026-09-06 14:50:29 102 [main] o.s.t.c.s.AbstractContextLoader.generateDefaultLocations - Could not detect default resource locations for test class [com.lzumetal.springboot.grpc.server.test.BookTest]: no resource found for suffixes {-context.xml, Context.groovy}.
[INFO ] 2026-09-06 14:50:29 250 [main] o.s.b.t.c.SpringBootTestContextBootstrapper.getDefaultTestExecutionListenerClassNames - Loaded default TestExecutionListener class names from location [META-INF/spring.factories]: [org.springframework.boot.test.mock.mockito.MockitoTestExecutionListener, org.springframework.boot.test.mock.mockito.ResetMocksTestExecutionListener, org.springframework.boot.test.autoconfigure.restdocs.RestDocsTestExecutionListener, org.springframework.boot.test.autoconfigure.web.client.MockRestServiceServerResetTestExecutionListener, org.springframework.boot.test.autoconfigure.web.servlet.MockMvcPrintOnlyOnFailureTestExecutionListener, org.springframework.boot.test.autoconfigure.web.servlet.WebDriverTestExecutionListener, org.springframework.test.context.web.ServletTestExecutionListener, org.springframework.test.context.support.DirtiesContextBeforeModesTestExecutionListener, org.springframework.test.context.support.DependencyInjectionTestExecutionListener, org.springframework.test.context.support.DirtiesContextTestExecutionListener, org.springframework.test.context.transaction.TransactionalTestExecutionListener, org.springframework.test.context.jdbc.SqlScriptsTestExecutionListener]
[INFO ] 2026-09-06 14:50:29 266 [main] o.s.b.t.c.SpringBootTestContextBootstrapper.getTestExecutionListeners - Using TestExecutionListeners: [org.springframework.test.context.web.ServletTestExecutionListener@1dac5ef, org.springframework.test.context.support.DirtiesContextBeforeModesTestExecutionListener@5c90e579, org.springframework.boot.test.mock.mockito.MockitoTestExecutionListener@58ea606c, org.springframework.boot.test.autoconfigure.SpringBootDependencyInjectionTestExecutionListener@6f45df59, org.springframework.test.context.support.DirtiesContextTestExecutionListener@38e79ae3, org.springframework.test.context.transaction.TransactionalTestExecutionListener@63070bab, org.springframework.test.context.jdbc.SqlScriptsTestExecutionListener@68e5eea7, org.springframework.boot.test.mock.mockito.ResetMocksTestExecutionListener@291b4bf5, org.springframework.boot.test.autoconfigure.restdocs.RestDocsTestExecutionListener@2d2ffcb7, org.springframework.boot.test.autoconfigure.web.client.MockRestServiceServerResetTestExecutionListener@762ef0ea, org.springframework.boot.test.autoconfigure.web.servlet.MockMvcPrintOnlyOnFailureTestExecutionListener@31f9b85e, org.springframework.boot.test.autoconfigure.web.servlet.WebDriverTestExecutionListener@424e1977]
[WARN ] 2026-09-06 14:50:29 609 [main] o.s.b.t.j.DuplicateJsonObjectContextCustomizerFactory$DuplicateJsonObjectContextCustomizer.logDuplicateJsonObjectsWarning - 

Found multiple occurrences of org.json.JSONObject on the class path:

	jar:file:/D:/Tool/maven-repository/org/json/json/20160810/json-20160810.jar!/org/json/JSONObject.class
	jar:file:/D:/Tool/maven-repository/com/vaadin/external/google/android-json/0.0.20131108.vaadin1/android-json-0.0.20131108.vaadin1.jar!/org/json/JSONObject.class

You may wish to exclude one of them to ensure predictable runtime behavior

[INFO ] 2026-09-06 14:50:29 622 [main] c.l.s.g.s.test.BookTest.logStarting - Starting BookTest on liaosi-laptop with PID 19496 (started by Administrator in D:\DevelopWorkspace\Java\spring-boot\grpc-server)
[INFO ] 2026-09-06 14:50:29 622 [main] c.l.s.g.s.test.BookTest.logStartupProfileInfo - No active profile set, falling back to default profiles: default
[INFO ] 2026-09-06 14:50:30 504 [main] c.u.j.c.EnableEncryptablePropertiesBeanFactoryPostProcessor.postProcessBeanFactory - Post-processing PropertySource instances
[INFO ] 2026-09-06 14:50:30 524 [main] c.u.j.EncryptablePropertySourceConverter.makeEncryptable - Converting PropertySource configurationProperties [org.springframework.boot.context.properties.source.ConfigurationPropertySourcesPropertySource] to AOP Proxy
[INFO ] 2026-09-06 14:50:30 524 [main] c.u.j.EncryptablePropertySourceConverter.makeEncryptable - Converting PropertySource Inlined Test Properties [org.springframework.core.env.MapPropertySource] to EncryptableMapPropertySourceWrapper
[INFO ] 2026-09-06 14:50:30 524 [main] c.u.j.EncryptablePropertySourceConverter.makeEncryptable - Converting PropertySource systemProperties [org.springframework.core.env.MapPropertySource] to EncryptableMapPropertySourceWrapper
[INFO ] 2026-09-06 14:50:30 524 [main] c.u.j.EncryptablePropertySourceConverter.makeEncryptable - Converting PropertySource systemEnvironment [org.springframework.boot.env.SystemEnvironmentPropertySourceEnvironmentPostProcessor$OriginAwareSystemEnvironmentPropertySource] to EncryptableSystemEnvironmentPropertySourceWrapper
[INFO ] 2026-09-06 14:50:30 524 [main] c.u.j.EncryptablePropertySourceConverter.makeEncryptable - Converting PropertySource random [org.springframework.boot.env.RandomValuePropertySource] to EncryptablePropertySourceWrapper
[INFO ] 2026-09-06 14:50:30 524 [main] c.u.j.EncryptablePropertySourceConverter.makeEncryptable - Converting PropertySource applicationConfig: [classpath:/application.yml] [org.springframework.boot.env.OriginTrackedMapPropertySource] to EncryptableMapPropertySourceWrapper
[INFO ] 2026-09-06 14:50:30 584 [main] c.u.j.f.DefaultLazyPropertyFilter.lambda$null$2 - Property Filter custom Bean not found with name 'encryptablePropertyFilter'. Initializing Default Property Filter
[INFO ] 2026-09-06 14:50:30 635 [main] o.s.c.s.PostProcessorRegistrationDelegate$BeanPostProcessorChecker.postProcessAfterInitialization - Bean 'org.springframework.transaction.annotation.ProxyTransactionManagementConfiguration' of type [org.springframework.transaction.annotation.ProxyTransactionManagementConfiguration$$EnhancerBySpringCGLIB$$97a6f84c] is not eligible for getting processed by all BeanPostProcessors (for example: not eligible for auto-proxying)
[INFO ] 2026-09-06 14:50:30 685 [main] c.u.j.r.DefaultLazyPropertyResolver.lambda$null$2 - Property Resolver custom Bean not found with name 'encryptablePropertyResolver'. Initializing Default Property Resolver
[INFO ] 2026-09-06 14:50:30 698 [main] c.u.j.d.DefaultLazyPropertyDetector.lambda$null$2 - Property Detector custom Bean not found with name 'encryptablePropertyDetector'. Initializing Default Property Detector
[INFO ] 2026-09-06 14:50:31 516 [main] o.s.s.c.ThreadPoolTaskExecutor.initialize - Initializing ExecutorService 'applicationTaskExecutor'
[INFO ] 2026-09-06 14:50:31 863 [main] n.d.b.g.s.a.GrpcServerFactoryAutoConfiguration.shadedNettyGrpcServerFactory - Detected grpc-netty-shaded: Creating ShadedNettyGrpcServerFactory
[INFO ] 2026-09-06 14:50:32 615 [main] n.d.b.g.s.s.AbstractGrpcServerFactory.configureServices - Registered gRPC service: BookService, bean: bookServiceGrpcImpl, class: com.lzumetal.springboot.grpc.server.service.impl.proto.BookServiceGrpcImpl
[INFO ] 2026-09-06 14:50:33 358 [main] n.d.b.g.s.s.GrpcServerLifecycle.createAndStartGrpcServer - gRPC Server started, listening on address: *, port: 9090
[INFO ] 2026-09-06 14:50:33 374 [main] c.l.s.g.s.test.BookTest.logStarted - Started BookTest in 4.057 seconds (JVM running for 4.784)
[INFO ] 2026-09-06 14:50:33 548 [main] c.z.h.HikariDataSource.getConnection - HikariPool-1 - Starting...
[INFO ] 2026-09-06 14:50:33 737 [main] c.z.h.HikariDataSource.getConnection - HikariPool-1 - Start completed.
[INFO ] 2026-09-06 14:50:33 808 [main] c.l.s.g.s.s.BookService.getById - 查询完成|1|Book(id=1, bookName=红楼梦, author=曹雪芹, price=60.00, createTime=Sun Sep 06 14:49:09 CST 2026)
[INFO ] 2026-09-06 14:50:33 833 [Thread-3] n.d.b.g.s.s.GrpcServerLifecycle.stopAndReleaseGrpcServer - Completed gRPC server shutdown
[INFO ] 2026-09-06 14:50:33 836 [Thread-3] o.s.s.c.ThreadPoolTaskExecutor.shutdown - Shutting down ExecutorService 'applicationTaskExecutor'
[INFO ] 2026-09-06 14:50:33 838 [Thread-3] c.z.h.HikariDataSource.close - HikariPool-1 - Shutdown initiated...
[INFO ] 2026-09-06 14:50:33 847 [Thread-3] c.z.h.HikariDataSource.close - HikariPool-1 - Shutdown completed.
[INFO ] 2026-09-06 17:19:40 573 [main] o.s.b.t.c.SpringBootTestContextBootstrapper.buildDefaultMergedContextConfiguration - Neither @ContextConfiguration nor @ContextHierarchy found for test class [com.lzumetal.springboot.grpc.server.test.BookTest], using SpringBootContextLoader
[INFO ] 2026-09-06 17:19:40 583 [main] o.s.t.c.s.AbstractContextLoader.generateDefaultLocations - Could not detect default resource locations for test class [com.lzumetal.springboot.grpc.server.test.BookTest]: no resource found for suffixes {-context.xml, Context.groovy}.
[INFO ] 2026-09-06 17:19:40 797 [main] o.s.b.t.c.SpringBootTestContextBootstrapper.getDefaultTestExecutionListenerClassNames - Loaded default TestExecutionListener class names from location [META-INF/spring.factories]: [org.springframework.boot.test.mock.mockito.MockitoTestExecutionListener, org.springframework.boot.test.mock.mockito.ResetMocksTestExecutionListener, org.springframework.boot.test.autoconfigure.restdocs.RestDocsTestExecutionListener, org.springframework.boot.test.autoconfigure.web.client.MockRestServiceServerResetTestExecutionListener, org.springframework.boot.test.autoconfigure.web.servlet.MockMvcPrintOnlyOnFailureTestExecutionListener, org.springframework.boot.test.autoconfigure.web.servlet.WebDriverTestExecutionListener, org.springframework.test.context.web.ServletTestExecutionListener, org.springframework.test.context.support.DirtiesContextBeforeModesTestExecutionListener, org.springframework.test.context.support.DependencyInjectionTestExecutionListener, org.springframework.test.context.support.DirtiesContextTestExecutionListener, org.springframework.test.context.transaction.TransactionalTestExecutionListener, org.springframework.test.context.jdbc.SqlScriptsTestExecutionListener]
[INFO ] 2026-09-06 17:19:40 815 [main] o.s.b.t.c.SpringBootTestContextBootstrapper.getTestExecutionListeners - Using TestExecutionListeners: [org.springframework.test.context.web.ServletTestExecutionListener@1dac5ef, org.springframework.test.context.support.DirtiesContextBeforeModesTestExecutionListener@5c90e579, org.springframework.boot.test.mock.mockito.MockitoTestExecutionListener@58ea606c, org.springframework.boot.test.autoconfigure.SpringBootDependencyInjectionTestExecutionListener@6f45df59, org.springframework.test.context.support.DirtiesContextTestExecutionListener@38e79ae3, org.springframework.test.context.transaction.TransactionalTestExecutionListener@63070bab, org.springframework.test.context.jdbc.SqlScriptsTestExecutionListener@68e5eea7, org.springframework.boot.test.mock.mockito.ResetMocksTestExecutionListener@291b4bf5, org.springframework.boot.test.autoconfigure.restdocs.RestDocsTestExecutionListener@2d2ffcb7, org.springframework.boot.test.autoconfigure.web.client.MockRestServiceServerResetTestExecutionListener@762ef0ea, org.springframework.boot.test.autoconfigure.web.servlet.MockMvcPrintOnlyOnFailureTestExecutionListener@31f9b85e, org.springframework.boot.test.autoconfigure.web.servlet.WebDriverTestExecutionListener@424e1977]
[WARN ] 2026-09-06 17:19:41 219 [main] o.s.b.t.j.DuplicateJsonObjectContextCustomizerFactory$DuplicateJsonObjectContextCustomizer.logDuplicateJsonObjectsWarning - 

Found multiple occurrences of org.json.JSONObject on the class path:

	jar:file:/D:/Tool/maven-repository/org/json/json/20160810/json-20160810.jar!/org/json/JSONObject.class
	jar:file:/D:/Tool/maven-repository/com/vaadin/external/google/android-json/0.0.20131108.vaadin1/android-json-0.0.20131108.vaadin1.jar!/org/json/JSONObject.class

You may wish to exclude one of them to ensure predictable runtime behavior

[INFO ] 2026-09-06 17:19:41 226 [main] c.l.s.g.s.test.BookTest.logStarting - Starting BookTest on liaosi-laptop with PID 27884 (started by Administrator in D:\DevelopWorkspace\Java\spring-boot\grpc-server)
[INFO ] 2026-09-06 17:19:41 226 [main] c.l.s.g.s.test.BookTest.logStartupProfileInfo - No active profile set, falling back to default profiles: default
[INFO ] 2026-09-06 17:19:42 189 [main] c.u.j.c.EnableEncryptablePropertiesBeanFactoryPostProcessor.postProcessBeanFactory - Post-processing PropertySource instances
[INFO ] 2026-09-06 17:19:42 212 [main] c.u.j.EncryptablePropertySourceConverter.makeEncryptable - Converting PropertySource configurationProperties [org.springframework.boot.context.properties.source.ConfigurationPropertySourcesPropertySource] to AOP Proxy
[INFO ] 2026-09-06 17:19:42 215 [main] c.u.j.EncryptablePropertySourceConverter.makeEncryptable - Converting PropertySource Inlined Test Properties [org.springframework.core.env.MapPropertySource] to EncryptableMapPropertySourceWrapper
[INFO ] 2026-09-06 17:19:42 215 [main] c.u.j.EncryptablePropertySourceConverter.makeEncryptable - Converting PropertySource systemProperties [org.springframework.core.env.MapPropertySource] to EncryptableMapPropertySourceWrapper
[INFO ] 2026-09-06 17:19:42 215 [main] c.u.j.EncryptablePropertySourceConverter.makeEncryptable - Converting PropertySource systemEnvironment [org.springframework.boot.env.SystemEnvironmentPropertySourceEnvironmentPostProcessor$OriginAwareSystemEnvironmentPropertySource] to EncryptableSystemEnvironmentPropertySourceWrapper
[INFO ] 2026-09-06 17:19:42 215 [main] c.u.j.EncryptablePropertySourceConverter.makeEncryptable - Converting PropertySource random [org.springframework.boot.env.RandomValuePropertySource] to EncryptablePropertySourceWrapper
[INFO ] 2026-09-06 17:19:42 215 [main] c.u.j.EncryptablePropertySourceConverter.makeEncryptable - Converting PropertySource applicationConfig: [classpath:/application.yml] [org.springframework.boot.env.OriginTrackedMapPropertySource] to EncryptableMapPropertySourceWrapper
[INFO ] 2026-09-06 17:19:42 278 [main] c.u.j.f.DefaultLazyPropertyFilter.lambda$null$2 - Property Filter custom Bean not found with name 'encryptablePropertyFilter'. Initializing Default Property Filter
[INFO ] 2026-09-06 17:19:42 340 [main] o.s.c.s.PostProcessorRegistrationDelegate$BeanPostProcessorChecker.postProcessAfterInitialization - Bean 'org.springframework.transaction.annotation.ProxyTransactionManagementConfiguration' of type [org.springframework.transaction.annotation.ProxyTransactionManagementConfiguration$$EnhancerBySpringCGLIB$$16c0afd] is not eligible for getting processed by all BeanPostProcessors (for example: not eligible for auto-proxying)
[INFO ] 2026-09-06 17:19:42 406 [main] c.u.j.r.DefaultLazyPropertyResolver.lambda$null$2 - Property Resolver custom Bean not found with name 'encryptablePropertyResolver'. Initializing Default Property Resolver
[INFO ] 2026-09-06 17:19:42 413 [main] c.u.j.d.DefaultLazyPropertyDetector.lambda$null$2 - Property Detector custom Bean not found with name 'encryptablePropertyDetector'. Initializing Default Property Detector
[INFO ] 2026-09-06 17:19:43 362 [main] o.s.s.c.ThreadPoolTaskExecutor.initialize - Initializing ExecutorService 'applicationTaskExecutor'
[INFO ] 2026-09-06 17:19:43 730 [main] n.d.b.g.s.a.GrpcServerFactoryAutoConfiguration.shadedNettyGrpcServerFactory - Detected grpc-netty-shaded: Creating ShadedNettyGrpcServerFactory
[INFO ] 2026-09-06 17:19:44 472 [main] n.d.b.g.s.s.AbstractGrpcServerFactory.configureServices - Registered gRPC service: BookService, bean: bookServiceGrpcImpl, class: com.lzumetal.springboot.grpc.server.service.impl.proto.BookServiceGrpcImpl
[INFO ] 2026-09-06 17:19:45 294 [main] n.d.b.g.s.s.GrpcServerLifecycle.createAndStartGrpcServer - gRPC Server started, listening on address: *, port: 9090
[INFO ] 2026-09-06 17:19:45 309 [main] c.l.s.g.s.test.BookTest.logStarted - Started BookTest in 4.425 seconds (JVM running for 5.296)
[INFO ] 2026-09-06 17:19:45 543 [main] c.z.h.HikariDataSource.getConnection - HikariPool-1 - Starting...
[INFO ] 2026-09-06 17:19:45 771 [main] c.z.h.HikariDataSource.getConnection - HikariPool-1 - Start completed.
[INFO ] 2026-09-06 17:19:45 828 [main] c.l.s.g.s.s.BookService.getById - 查询完成|1|Book(id=1, bookName=红楼梦, author=曹雪芹, price=60.00, createTime=Sun Sep 06 14:49:09 CST 2026)
[INFO ] 2026-09-06 17:19:45 849 [Thread-3] n.d.b.g.s.s.GrpcServerLifecycle.stopAndReleaseGrpcServer - Completed gRPC server shutdown
[INFO ] 2026-09-06 17:19:45 852 [Thread-3] o.s.s.c.ThreadPoolTaskExecutor.shutdown - Shutting down ExecutorService 'applicationTaskExecutor'
[INFO ] 2026-09-06 17:19:45 852 [Thread-3] c.z.h.HikariDataSource.close - HikariPool-1 - Shutdown initiated...
[INFO ] 2026-09-06 17:19:45 863 [Thread-3] c.z.h.HikariDataSource.close - HikariPool-1 - Shutdown completed.
[INFO ] 2026-09-06 17:21:38 161 [main] o.s.b.t.c.SpringBootTestContextBootstrapper.buildDefaultMergedContextConfiguration - Neither @ContextConfiguration nor @ContextHierarchy found for test class [com.lzumetal.springboot.grpc.server.test.BookTest], using SpringBootContextLoader
[INFO ] 2026-09-06 17:21:38 165 [main] o.s.t.c.s.AbstractContextLoader.generateDefaultLocations - Could not detect default resource locations for test class [com.lzumetal.springboot.grpc.server.test.BookTest]: no resource found for suffixes {-context.xml, Context.groovy}.
[INFO ] 2026-09-06 17:21:38 316 [main] o.s.b.t.c.SpringBootTestContextBootstrapper.getDefaultTestExecutionListenerClassNames - Loaded default TestExecutionListener class names from location [META-INF/spring.factories]: [org.springframework.boot.test.mock.mockito.MockitoTestExecutionListener, org.springframework.boot.test.mock.mockito.ResetMocksTestExecutionListener, org.springframework.boot.test.autoconfigure.restdocs.RestDocsTestExecutionListener, org.springframework.boot.test.autoconfigure.web.client.MockRestServiceServerResetTestExecutionListener, org.springframework.boot.test.autoconfigure.web.servlet.MockMvcPrintOnlyOnFailureTestExecutionListener, org.springframework.boot.test.autoconfigure.web.servlet.WebDriverTestExecutionListener, org.springframework.test.context.web.ServletTestExecutionListener, org.springframework.test.context.support.DirtiesContextBeforeModesTestExecutionListener, org.springframework.test.context.support.DependencyInjectionTestExecutionListener, org.springframework.test.context.support.DirtiesContextTestExecutionListener, org.springframework.test.context.transaction.TransactionalTestExecutionListener, org.springframework.test.context.jdbc.SqlScriptsTestExecutionListener]
[INFO ] 2026-09-06 17:21:38 331 [main] o.s.b.t.c.SpringBootTestContextBootstrapper.getTestExecutionListeners - Using TestExecutionListeners: [org.springframework.test.context.web.ServletTestExecutionListener@1dac5ef, org.springframework.test.context.support.DirtiesContextBeforeModesTestExecutionListener@5c90e579, org.springframework.boot.test.mock.mockito.MockitoTestExecutionListener@58ea606c, org.springframework.boot.test.autoconfigure.SpringBootDependencyInjectionTestExecutionListener@6f45df59, org.springframework.test.context.support.DirtiesContextTestExecutionListener@38e79ae3, org.springframework.test.context.transaction.TransactionalTestExecutionListener@63070bab, org.springframework.test.context.jdbc.SqlScriptsTestExecutionListener@68e5eea7, org.springframework.boot.test.mock.mockito.ResetMocksTestExecutionListener@291b4bf5, org.springframework.boot.test.autoconfigure.restdocs.RestDocsTestExecutionListener@2d2ffcb7, org.springframework.boot.test.autoconfigure.web.client.MockRestServiceServerResetTestExecutionListener@762ef0ea, org.springframework.boot.test.autoconfigure.web.servlet.MockMvcPrintOnlyOnFailureTestExecutionListener@31f9b85e, org.springframework.boot.test.autoconfigure.web.servlet.WebDriverTestExecutionListener@424e1977]
[WARN ] 2026-09-06 17:21:38 659 [main] o.s.b.t.j.DuplicateJsonObjectContextCustomizerFactory$DuplicateJsonObjectContextCustomizer.logDuplicateJsonObjectsWarning - 

Found multiple occurrences of org.json.JSONObject on the class path:

	jar:file:/D:/Tool/maven-repository/org/json/json/20160810/json-20160810.jar!/org/json/JSONObject.class
	jar:file:/D:/Tool/maven-repository/com/vaadin/external/google/android-json/0.0.20131108.vaadin1/android-json-0.0.20131108.vaadin1.jar!/org/json/JSONObject.class

You may wish to exclude one of them to ensure predictable runtime behavior

[INFO ] 2026-09-06 17:21:38 678 [main] c.l.s.g.s.test.BookTest.logStarting - Starting BookTest on liaosi-laptop with PID 23944 (started by Administrator in D:\DevelopWorkspace\Java\spring-boot\grpc-server)
[INFO ] 2026-09-06 17:21:38 679 [main] c.l.s.g.s.test.BookTest.logStartupProfileInfo - No active profile set, falling back to default profiles: default
[INFO ] 2026-09-06 17:21:39 574 [main] c.u.j.c.EnableEncryptablePropertiesBeanFactoryPostProcessor.postProcessBeanFactory - Post-processing PropertySource instances
[INFO ] 2026-09-06 17:21:39 593 [main] c.u.j.EncryptablePropertySourceConverter.makeEncryptable - Converting PropertySource configurationProperties [org.springframework.boot.context.properties.source.ConfigurationPropertySourcesPropertySource] to AOP Proxy
[INFO ] 2026-09-06 17:21:39 597 [main] c.u.j.EncryptablePropertySourceConverter.makeEncryptable - Converting PropertySource Inlined Test Properties [org.springframework.core.env.MapPropertySource] to EncryptableMapPropertySourceWrapper
[INFO ] 2026-09-06 17:21:39 597 [main] c.u.j.EncryptablePropertySourceConverter.makeEncryptable - Converting PropertySource systemProperties [org.springframework.core.env.MapPropertySource] to EncryptableMapPropertySourceWrapper
[INFO ] 2026-09-06 17:21:39 597 [main] c.u.j.EncryptablePropertySourceConverter.makeEncryptable - Converting PropertySource systemEnvironment [org.springframework.boot.env.SystemEnvironmentPropertySourceEnvironmentPostProcessor$OriginAwareSystemEnvironmentPropertySource] to EncryptableSystemEnvironmentPropertySourceWrapper
[INFO ] 2026-09-06 17:21:39 597 [main] c.u.j.EncryptablePropertySourceConverter.makeEncryptable - Converting PropertySource random [org.springframework.boot.env.RandomValuePropertySource] to EncryptablePropertySourceWrapper
[INFO ] 2026-09-06 17:21:39 597 [main] c.u.j.EncryptablePropertySourceConverter.makeEncryptable - Converting PropertySource applicationConfig: [classpath:/application.yml] [org.springframework.boot.env.OriginTrackedMapPropertySource] to EncryptableMapPropertySourceWrapper
[INFO ] 2026-09-06 17:21:39 654 [main] c.u.j.f.DefaultLazyPropertyFilter.lambda$null$2 - Property Filter custom Bean not found with name 'encryptablePropertyFilter'. Initializing Default Property Filter
[INFO ] 2026-09-06 17:21:39 716 [main] o.s.c.s.PostProcessorRegistrationDelegate$BeanPostProcessorChecker.postProcessAfterInitialization - Bean 'org.springframework.transaction.annotation.ProxyTransactionManagementConfiguration' of type [org.springframework.transaction.annotation.ProxyTransactionManagementConfiguration$$EnhancerBySpringCGLIB$$97a6f84c] is not eligible for getting processed by all BeanPostProcessors (for example: not eligible for auto-proxying)
[INFO ] 2026-09-06 17:21:39 769 [main] c.u.j.r.DefaultLazyPropertyResolver.lambda$null$2 - Property Resolver custom Bean not found with name 'encryptablePropertyResolver'. Initializing Default Property Resolver
[INFO ] 2026-09-06 17:21:39 769 [main] c.u.j.d.DefaultLazyPropertyDetector.lambda$null$2 - Property Detector custom Bean not found with name 'encryptablePropertyDetector'. Initializing Default Property Detector
[INFO ] 2026-09-06 17:21:40 583 [main] o.s.s.c.ThreadPoolTaskExecutor.initialize - Initializing ExecutorService 'applicationTaskExecutor'
[INFO ] 2026-09-06 17:21:40 944 [main] n.d.b.g.s.a.GrpcServerFactoryAutoConfiguration.shadedNettyGrpcServerFactory - Detected grpc-netty-shaded: Creating ShadedNettyGrpcServerFactory
[INFO ] 2026-09-06 17:21:41 715 [main] n.d.b.g.s.s.AbstractGrpcServerFactory.configureServices - Registered gRPC service: BookService, bean: bookServiceGrpcImpl, class: com.lzumetal.springboot.grpc.server.service.impl.proto.BookServiceGrpcImpl
[INFO ] 2026-09-06 17:21:42 602 [main] n.d.b.g.s.s.GrpcServerLifecycle.createAndStartGrpcServer - gRPC Server started, listening on address: *, port: 9090
[INFO ] 2026-09-06 17:21:42 618 [main] c.l.s.g.s.test.BookTest.logStarted - Started BookTest in 4.24 seconds (JVM running for 4.95)
[INFO ] 2026-09-06 17:21:42 795 [main] c.z.h.HikariDataSource.getConnection - HikariPool-1 - Starting...
[INFO ] 2026-09-06 17:21:42 949 [main] c.z.h.HikariDataSource.getConnection - HikariPool-1 - Start completed.
[INFO ] 2026-09-06 17:21:42 997 [main] c.l.s.g.s.s.BookService.getById - 查询完成|1|{
  "id": 1,
  "bookName": "Java编程思想",
  "author": "Bruce Eckel",
  "price": 108.00,
  "createTime": "Sep 6, 2026 3:24:48 PM"
}
[INFO ] 2026-09-06 17:21:43 011 [Thread-3] n.d.b.g.s.s.GrpcServerLifecycle.stopAndReleaseGrpcServer - Completed gRPC server shutdown
[INFO ] 2026-09-06 17:21:43 018 [Thread-3] o.s.s.c.ThreadPoolTaskExecutor.shutdown - Shutting down ExecutorService 'applicationTaskExecutor'
[INFO ] 2026-09-06 17:21:43 020 [Thread-3] c.z.h.HikariDataSource.close - HikariPool-1 - Shutdown initiated...
[INFO ] 2026-09-06 17:21:43 026 [Thread-3] c.z.h.HikariDataSource.close - HikariPool-1 - Shutdown completed.
